../Core/Src/sd_diskio_dma.c:13:13:wait_transfer	8	static
../Core/Src/sd_diskio_dma.c:19:6:HAL_SD_RxCpltCallback	16	static
../Core/Src/sd_diskio_dma.c:25:6:HAL_SD_TxCpltCallback	16	static
../Core/Src/sd_diskio_dma.c:31:6:HAL_SD_ErrorCallback	16	static
../Core/Src/sd_diskio_dma.c:39:16:SD_initialize	16	static
../Core/Src/sd_diskio_dma.c:49:16:SD_status	16	static
../Core/Src/sd_diskio_dma.c:55:16:SD_read	32	static
../Core/Src/sd_diskio_dma.c:77:16:SD_write	24	static
../Core/Src/sd_diskio_dma.c:98:16:SD_ioctl	48	static
